# serializer version: 1
# name: test_golden_scenario_cashback_dominance
  dict({
    'best_card': 'Card A',
    'category': 'electronics',
    'explanations': list([
      "Transaction categorized as 'Electronics' to find the best rewards.",
    ]),
    'normalized_merchant': 'apple store',
    'ranked_cards': list([
      dict({
        'card_id': '00000000-0000-0000-0000-000000000001',
        'card_name': 'Card A',
        'cashback_amount': Decimal('2000.00'),
        'confidence_score': 0.99,
        'effective_reward_value': Decimal('2000.00'),
        'explanation': 'Provides the highest immediate reward and aligns with long-term portfolio goals.',
        'immediate_reward_value': 2000.0,
        'long_term_portfolio_value': 1000.0,
        'milestone_acceleration': 0.0,
        'objective_rankings': dict({
          'FEE_WAIVER': 1,
          'MAX_REWARD': 1,
          'MILESTONE_ACCELERATION': 2,
          'PORTFOLIO_OPTIMIZED': 1,
        }),
        'portfolio_score': 103000.0,
        'portfolio_score_breakdown': dict({
          'immediate_reward': 2000.0,
          'milestone_value': 0.0,
          'portfolio_health': 1000.0,
          'waiver_value': 100000.0,
        }),
        'primary_strategy': 'Maximum Return',
        'rank': 1,
        'reason_codes': list([
          'FEE_WAIVER_PRESERVATION',
          'FEE_WAIVER_ACHIEVED',
          'DORMANT_PREMIUM_CARD',
        ]),
        'reason_description': 'Provides the highest immediate reward and aligns with long-term portfolio goals.',
        'reason_title': 'Maximum Return & Value',
        'recommendation_reason': 'Provides the highest immediate reward and aligns with long-term portfolio goals.',
        'recommendation_strength': 'Strong',
        'reward_points': None,
        'reward_type': <RewardType.CASHBACK: 'cashback'>,
        'strategic_value': 101000.0,
        'supporting_factors': list([
          'Contributes to fee waiver',
          'Improves card utilization',
        ]),
        'total_projected_value': 103000.0,
        'waiver_acceleration': 100000.0,
        'warnings': list([
        ]),
      }),
      dict({
        'card_id': '00000000-0000-0000-0000-000000000002',
        'card_name': 'Card B',
        'cashback_amount': Decimal('1000.00'),
        'confidence_score': 0.85,
        'effective_reward_value': Decimal('1000.00'),
        'explanation': 'Provides strong immediate reward value.',
        'immediate_reward_value': 1000.0,
        'long_term_portfolio_value': 0.0,
        'milestone_acceleration': 0.0,
        'objective_rankings': dict({
          'FEE_WAIVER': 2,
          'MAX_REWARD': 2,
          'MILESTONE_ACCELERATION': 1,
          'PORTFOLIO_OPTIMIZED': 2,
        }),
        'portfolio_score': 1000.0,
        'portfolio_score_breakdown': dict({
          'immediate_reward': 1000.0,
          'milestone_value': 0.0,
          'portfolio_health': 0.0,
          'waiver_value': 0.0,
        }),
        'primary_strategy': 'Maximum Return',
        'rank': 2,
        'reason_codes': list([
          'IMMEDIATE_REWARD_ONLY',
        ]),
        'reason_description': 'Provides strong immediate reward value.',
        'reason_title': 'Highest Immediate Cashback',
        'recommendation_reason': 'Provides strong immediate reward value.',
        'recommendation_strength': 'Moderate',
        'reward_points': None,
        'reward_type': <RewardType.CASHBACK: 'cashback'>,
        'strategic_value': 0.0,
        'supporting_factors': list([
        ]),
        'total_projected_value': 1000.0,
        'waiver_acceleration': 0.0,
        'warnings': list([
        ]),
      }),
    ]),
    'warnings': list([
    ]),
  })
# ---
